2026-04-14 15:55:40 | INFO | blend_mvp | 加载 tokenizer: /root/models/Yi-6B
2026-04-14 15:55:40 | INFO | blend_mvp | 加载模型: /root/models/Yi-6B, device=cuda, dtype=torch.bfloat16
2026-04-14 15:55:44 | INFO | blend_mvp | 实验结构化日志文件: /root/github/CacheBlend/outputs/202604142355_blend.output
2026-04-14 15:55:44 | INFO | blend_mvp | 实验控制台风格日志文件: /root/github/CacheBlend/outputs/202604142355_blend_console.output
2026-04-14 15:55:44 | INFO | blend_mvp | 
===== 样本 1 开始，chunk_num=6 =====
2026-04-14 15:55:46 | INFO | blend_mvp | 命中 EOS，提前结束生成
2026-04-14 15:55:46 | INFO | blend_mvp | 命中 KV 缓存 session_id=sample-full-reuse-1, 复用前缀 token=3796, 增量 prefill token=0
2026-04-14 15:55:47 | INFO | blend_mvp | 命中 EOS，提前结束生成
2026-04-14 15:55:47 | INFO | blend_mvp | session_id=sample-kvd-1 前缀不匹配，启用 KV 偏差重算策略（ratio=0.160, suffix_len=32）
2026-04-14 15:55:49 | INFO | blend_mvp | 命中 EOS，提前结束生成
2026-04-14 15:55:49 | INFO | blend_mvp | session_id=sample-qaw-1 前缀不匹配，启用 Query-aware 重算策略（ratio=0.300, suffix_len=32）
2026-04-14 15:56:13 | INFO | blend_mvp | query-aware 分段重算: overlap=3796 selected=1161 recompute_spans=721 reuse_spans=721
2026-04-14 15:56:13 | INFO | blend_mvp | 命中 EOS，提前结束生成
2026-04-14 15:56:13 | INFO | blend_mvp | sample=1 full_prefill(ttft=1.1214,total=1.3322) full_reuse(ttft=0.5975,total=0.7801,reused=3796,mode=cache_prefix_reuse) kvd(ttft=1.4705,total=1.6643,recomp=634,mode=kv_diff_recompute,true=True) qaw(ttft=24.3068,total=24.4883,recomp=1161,mode=query_aware_recompute,true=True)
2026-04-14 15:56:13 | INFO | blend_mvp | 
===== 样本 2 开始，chunk_num=5 =====
2026-04-14 15:56:14 | INFO | blend_mvp | 命中 EOS，提前结束生成
2026-04-14 15:56:14 | INFO | blend_mvp | 命中 KV 缓存 session_id=sample-full-reuse-2, 复用前缀 token=3402, 增量 prefill token=0
2026-04-14 15:56:15 | INFO | blend_mvp | 命中 EOS，提前结束生成
2026-04-14 15:56:15 | INFO | blend_mvp | session_id=sample-kvd-2 前缀不匹配，启用 KV 偏差重算策略（ratio=0.160, suffix_len=32）
2026-04-14 15:56:17 | INFO | blend_mvp | 命中 EOS，提前结束生成
2026-04-14 15:56:17 | INFO | blend_mvp | session_id=sample-qaw-2 前缀不匹配，启用 Query-aware 重算策略（ratio=0.300, suffix_len=32）
