{"event": "run_start", "script": "example/blend_runner.py", "dataset": "inputs/musique_s.json", "dataset_name": "musique", "started_at": "2026-04-15 20:46:17", "model": "/root/models/Yi-6B", "max_new_tokens": 32, "temperature": 0.0, "top_p": 1.0, "qaw_ratio": 0.5, "kvd_ratio": 0.16, "suffix_len": 32, "qaw_random_seed": 2026}

venv) (yi) root@43b8f2eba4bd:~/github/CacheBlend# python example/blend_runner.py --dataset musique --count 50 --qaw-ratio 0.5 --summary-only
Loading checkpoint shards: 100%|██████████████████████████████████████████████████████████████████████████████| 2/2 [00:00<00:00, 18.24it/s]
Token indices sequence length is longer than the specified maximum sequence length for this model (6420 > 4096). Running this sequence through the model will result in indexing errors
Starting from v4.46, the `logits` model output will have the same type as the model (except at train time, where it will always be FP32)
We detected that you are passing `past_key_values` as a tuple of tuples. This is deprecated and will be removed in v4.47. Please convert your cache or use an appropriate `Cache` class (https://huggingface.co/docs/transformers/kv_cache#legacy-cache-format)
Traceback (most recent call last):
  File "/root/github/CacheBlend/example/blend_runner.py", line 457, in <module>
    main()
  File "/root/github/CacheBlend/example/blend_runner.py", line 317, in main
    kvd_res = engine.generate(kvd_req)
  File "/root/github/CacheBlend/engine/inference_engine.py", line 423, in generate
    logits, past_key_values, recomputed_tokens = self._prefill_with_kv_diff_recompute(
  File "/root/github/CacheBlend/engine/inference_engine.py", line 246, in _prefill_with_kv_diff_recompute
    _, new_past_key_values = self.model_runner.forward_tokens(prompt_token_ids,
  File "/root/yi-query-aware/venv/lib/python3.10/site-packages/torch/utils/_contextlib.py", line 116, in decorate_context
    return func(*args, **kwargs)
  File "/root/github/CacheBlend/model/yi_model.py", line 129, in forward_tokens
    outputs = self.model(
  File "/root/yi-query-aware/venv/lib/python3.10/site-packages/torch/nn/modules/module.py", line 1553, in _wrapped_call_impl
    return self._call_impl(*args, **kwargs)
  File "/root/yi-query-aware/venv/lib/python3.10/site-packages/torch/nn/modules/module.py", line 1562, in _call_impl
    return forward_call(*args, **kwargs)